🧪 COMPREHENSIVE INTEGRATION TEST - Real World Failures
Testing classes that FAILED in the SSR demo
================================================================================

🚨 TESTING REAL-WORLD FAILURES (135 classes):
✅ from-green-500/20 -> 1 properties
✅ to-emerald-600/20 -> 1 properties
✅ dark:from-green-900/30 -> 1 properties
✅ dark:to-emerald-900/30 -> 1 properties
✅ to-cyan-600/20 -> 1 properties
✅ dark:to-cyan-900/30 -> 1 properties
✅ to-pink-600/20 -> 1 properties
✅ dark:to-pink-900/30 -> 1 properties
✅ border-purple-500/50 -> 1 properties
✅ shadow-purple-500/50 -> 1 properties
✅ shadow-blue-500/50 -> 1 properties
✅ shadow-green-500/50 -> 1 properties
✅ container -> 3 properties
✅ border-2 -> 1 properties
✅ mx-auto -> 2 properties
✅ mb-12 -> 1 properties
✅ mb-8 -> 1 properties
✅ mb-4 -> 1 properties
✅ px-4 -> 2 properties
✅ py-8 -> 2 properties
✅ py-16 -> 2 properties
✅ from-slate-900 -> 1 properties
✅ to-slate-900 -> 1 properties
✅ dark:from-gray-900 -> 1 properties
✅ dark:to-gray-900 -> 1 properties
✅ to-pink-500 -> 1 properties
✅ from-green-400 -> 1 properties
✅ from-pink-400 -> 1 properties
✅ to-pink-500 -> 1 properties
✅ via-pink-500 -> 1 properties
✅ via-cyan-500 -> 1 properties
✅ from-green-400 -> 1 properties
✅ via-emerald-500 -> 1 properties
✅ to-emerald-500 -> 1 properties
✅ to-cyan-500 -> 1 properties
⚠️  transform -> CSS value issues: Generic CSS variable found: var(--tw-transform)
✅ transition-all -> 1 properties
✅ rounded-2xl -> 1 properties
✅ rounded-xl -> 1 properties
✅ rounded-full -> 1 properties
✅ rounded -> 1 properties
✅ hover:scale-105 -> 1 properties
✅ hover:scale-110 -> 1 properties
✅ hover:-rotate-3 -> 1 properties
✅ tracking-wide -> 1 properties
✅ italic -> 1 properties
✅ flex-wrap -> 1 properties
✅ drop-shadow-lg -> 1 properties
✅ drop-shadow-xl -> 1 properties
✅ drop-shadow-2xl -> 1 properties
✅ translate-x-4 -> 1 properties
✅ translate-y-2 -> 1 properties
✅ -translate-x-1 -> 1 properties
✅ translate-x-full -> 0 properties
✅ translate-y-8 -> 1 properties
✅ hover:to-pink-700 -> 1 properties
✅ hover:from-gray-600 -> 1 properties
✅ hover:to-gray-800 -> 1 properties
✅ outline-none -> 1 properties
✅ focus:outline-none -> 1 properties
✅ cursor-pointer -> 1 properties
✅ cursor-wait -> 1 properties
✅ pointer-events-none -> 1 properties
✅ resize-none -> 1 properties
✅ select-none -> 1 properties
✅ scroll-smooth -> 1 properties
✅ fill-current -> 1 properties
✅ stroke-current -> 1 properties
✅ stroke-2 -> 1 properties
✅ stroke-red-500 -> 1 properties
✅ sr-only -> 9 properties
✅ not-sr-only -> 8 properties
✅ forced-color-adjust-none -> 1 properties
✅ motion-reduce -> 1 properties
✅ w-4 -> 1 properties
✅ w-full -> 1 properties
✅ h-8 -> 1 properties
✅ h-screen -> 1 properties
✅ max-w-sm -> 1 properties
✅ min-h-full -> 1 properties
✅ border -> 2 properties
✅ border-2 -> 1 properties
✅ border-t -> 1 properties
✅ border-blue-500 -> 1 properties
⚠️  divide-y -> CSS value issues: Generic CSS variable found: calc(1px * calc(1 - var(--tw-divide-y-reverse))), Generic CSS variable found: calc(1px * var(--tw-divide-y-reverse))
✅ ring-2 -> 1 properties
✅ ring-blue-500 -> 1 properties
✅ w-[100px] -> 0 properties
✅ h-[50px] -> 0 properties
✅ top-[10px] -> 0 properties
✅ bg-[#ff0000] -> 0 properties
✅ opacity-[0.75] -> 1 properties
✅ hover:bg-blue-500 -> 1 properties
✅ focus:ring-2 -> 1 properties
✅ sm:w-full -> 1 properties
✅ dark:text-white -> 1 properties
✅ group-hover:opacity-75 -> 1 properties
✅ w-16 -> 1 properties
✅ text-center -> 1 properties
✅ flex -> 1 properties
✅ items-center -> 1 properties
✅ justify-center -> 1 properties
✅ border-white/30 -> 1 properties
✅ dark:border-gray-600/30 -> 1 properties
✅ border-green-500/50 -> 1 properties
✅ border-blue-500/50 -> 1 properties
✅ border-purple-500/50 -> 1 properties
✅ dark:border-gray-700/50 -> 1 properties
✅ dark:border-gray-600/50 -> 1 properties
✅ border-white/20 -> 1 properties
✅ dark:border-gray-700/30 -> 1 properties
✅ border-white/10 -> 1 properties
✅ border-black/10 -> 1 properties
✅ shadow-blue-500/25 -> 1 properties
✅ shadow-purple-500/25 -> 1 properties
✅ hover:shadow-blue-500/25 -> 1 properties
✅ hover:shadow-red-500/25 -> 1 properties
✅ bg-white/10 -> 1 properties
✅ dark:bg-gray-800/20 -> 1 properties
✅ bg-white/5 -> 1 properties
✅ bg-black/5 -> 1 properties
✅ dark:bg-gray-800/50 -> 1 properties
✅ dark:bg-gray-900/50 -> 1 properties
✅ text-blue-300 -> 1 properties
✅ dark:text-blue-200 -> 1 properties
✅ dark:text-gray-300 -> 1 properties
✅ dark:text-gray-400 -> 1 properties
✅ text-transparent -> 1 properties
✅ shadow-neon-blue -> 0 properties
✅ shadow-neon-purple -> 0 properties
✅ shadow-neon-green -> 0 properties
✅ text-neon-blue -> 1 properties
✅ text-neon-purple -> 1 properties
✅ text-neon-green -> 1 properties
✅ border -> 2 properties

✅ TESTING BASELINE SUCCESS CLASSES (25 classes):
✅ min-h-screen -> 1 properties
✅ text-6xl -> 2 properties
✅ font-black -> 1 properties
✅ bg-gradient-to-br -> 2 properties
✅ bg-gradient-to-r -> 2 properties
✅ text-purple-400 -> 1 properties
✅ text-cyan-400 -> 1 properties
✅ font-bold -> 1 properties
✅ shadow-lg -> 1 properties
✅ mb-4 -> 1 properties
✅ bg-clip-text -> 1 properties
✅ text-transparent -> 1 properties
DEBUG: ParserRegistry.parse_class called for 'animate-pulse'
✅ animate-pulse -> 1 properties
✅ text-4xl -> 2 properties
✅ text-center -> 1 properties
✅ mb-8 -> 1 properties
✅ text-white -> 1 properties
✅ drop-shadow-2xl -> 1 properties
✅ text-2xl -> 2 properties
✅ font-semibold -> 1 properties
✅ text-lg -> 2 properties
✅ text-gray-300 -> 1 properties
✅ space-x-4 -> 2 properties
✅ text-3xl -> 2 properties
✅ font-medium -> 1 properties

================================================================================
📊 COMPREHENSIVE RESULTS:
✅ Successful: 158 classes
❌ Failed: 2 classes
📈 Success Rate: 98.8%
🎯 Total Classes Tested: 160

🔍 FAILURES BY CATEGORY:
  📁 CSS_VALUE_ISSUES: 2 classes
    • transform
    • divide-y

🎯 ACTIONABLE RECOMMENDATIONS:

📋 IMPLEMENTATION CHECKLIST:
□ Add opacity suffix parsing to ALL parsers (/20, /30, /50, /5, /10)
□ Fix GradientParser trie registration for direction classes
□ Implement TransformParser for transform, scale, rotate
□ Implement TransitionParser for transition-all
□ Enhance BorderParser for radius variations
□ Implement ContainerParser for container queries
□ Enhance TypographyParser for letter-spacing, font-style
□ Implement or enhance FlexboxParser
□ Ensure SpacingParser handles all spacing utilities
□ Add opacity support to ShadowParser and BorderParser
□ Add opacity support to BackgroundParser and TypographyParser
□ Implement OutlineParser
□ Verify variant system for hover/focus states
□ Add integration tests for each parser category
□ Run this test after each parser implementation

🔧 MAXIMUM ROUTER TESTING:
After implementing parsers, verify router coverage:
• Each parser should handle its registered prefixes
• Test with real class names from this failure list
• Measure router efficiency (trie lookups should be fast)
• Verify no conflicts between parser prefixes

🧪 TEST IMPROVEMENT COMPLETE:
This test now uses REAL failure data instead of synthetic examples!
Run this test after each parser implementation to track progress.
